01              SPK     EQU     01H            
02              SIO_DAT EQU     02H            
03              SIO_STA EQU     03H            
                                             ; 電子オルゴール
                        ORG     30H            
30  1F E0       START   LD      SP,#0E0H       
32  17 60               LD      G1,#TABLE-1    
34  37 01       L9      ADD     G1,#1          
36  19 00               LD      G2,0,G1        
38  5B 00               CMP     G2,#0          
3A  A4 5F               JZ      L15            
3C  37 01               ADD     G1,#1          ; ステート
3E  D8          L10     PUSH    G2             ; 6
3F  19 00               LD      G2,0,G1        ; 7
41  4B 01       L11     SUB     G2,#1          ; 5
43  00                  NO                     ; 3
44  00                  NO                     ; 3
45  A4 49               JZ      L12            ; 4
47  A0 41               JMP     L11            ; 5
49  1B FF       L12     LD      G2,#0FFH       ; 5
4B  CB 01               OUT     G2,SPK         ; 7
4D  19 00               LD      G2,0,G1        ; 7
4F  4B 01       L13     SUB     G2,#1          ; 5
51  00                  NO                     ; 3
52  A4 56               JZ      L14            ; 4
54  A0 4F               JMP     L13            ; 5
56  CB 01       L14     OUT     G2,SPK         ; 7
58  DA                  POP     G2             ; 6
59  4B 01               SUB     G2,#1          ; 5
5B  A4 34               JZ      L9             ; 4
5D  A0 3E               JMP     L10            ; 5
5F  A0 30       L15     JMP     START          
                                             ; ドレミの歌
62  C5 E8       TABLE   DC      0C5H,0E8H      
65  41 42 43 D1 T1      DC      "ABC",0D1H     
66  F7 BA       T2      DC      0F7H,0BAH      
67  41 E8       T3      DC      041H,0E8H      
68  A5 BA       T4      DC      0A5H,0BAH      
69  83 E8       T5      DC      083H,0E8H      
6A  A5 BA       T6      DC      0A5H,0BAH      
6B  A5 BA       T7      DC      0A5H,0BAH      
6C  DC D1       T8      DC      0DCH,0D1H      
6D  52 BA       T9      DC      052H,0BAH      
6E  57 AF       T10     DC      057H,0AFH      
6F  57 AF       T11     DC      057H,0AFH      
70  52 BA       T12     DC      052H,0BAH      
71  49 D1       T13     DC      049H,0D1H      
72  AF AF       T14     DC      0AFH,0AFH      
73  AF AF       T15     DC      0AFH,0AFH      
74  AF AF       T16     DC      0AFH,0AFH      
75  AF AF       T17     DC      0AFH,0AFH      
76  F7 BA       T18     DC      0F7H,0BAH      
77  57 AF       T19     DC      057H,0AFH      
78  C4 9C       T20     DC      0C4H,09CH      
79  62 9C       T21     DC      062H,09CH      
7A  52 BA       T22     DC      052H,0BAH      
7B  C4 9C       T23     DC      0C4H,09CH      
7C  A5 BA       T24     DC      0A5H,0BAH      
7D  C4 9C       T25     DC      0C4H,09CH      
7E  C4 9C       T26     DC      0C4H,09CH      
7E  00          T27     DC      000H           ; 終了
7E  00 00 00 00 T28     DS      8              
86  00 00 00 00                                
                                             
